===== 01-deploy-blue.log =====
DEPLOY_SUCCESS active=blue previous=none version=1.0.4 port=8081 status=UP

===== 02-health-blue.json =====
{
  "status": "UP",
  "environment": "test",
  "color": "blue",
  "version": "1.0.4",
  "reservations": 0
}

===== 03-deploy-green.log =====
DEPLOY_SUCCESS active=green previous=blue version=1.1.4 port=8082 status=UP

===== 04-health-green.json =====
{
  "status": "UP",
  "environment": "test",
  "color": "green",
  "version": "1.1.4",
  "reservations": 0
}

===== 05-status-before-rollback.log =====
active=green previous=blue currentUrl=http://localhost:8082
slot=blue port=8081 process=running health=UP
slot=green port=8082 process=running health=UP

===== 06-rollback.log =====
ROLLBACK_SUCCESS active=blue previous=green status=UP

===== 07-health-after-rollback.json =====
{
  "status": "UP",
  "environment": "test",
  "color": "blue",
  "version": "1.0.4",
  "reservations": 0
}

===== 08-status-after-rollback.log =====
active=blue previous=green currentUrl=http://localhost:8081
slot=blue port=8081 process=running health=UP
slot=green port=8082 process=running health=UP

===== 09-deployment-history.log =====
2026-07-19T01:58:27Z DEPLOY_SUCCESS active=blue previous=none version=1.0.4 port=8081
2026-07-19T01:58:28Z DEPLOY_SUCCESS active=green previous=blue version=1.1.4 port=8082
2026-07-19T01:58:29Z ROLLBACK_SUCCESS active=blue previous=green port=8081

